#####S####
#:X::X:::#
#:XXXXXXX#
#:X::::::#
#:X::::::#
#:XXXXXXX#
#:X::::::#
#:X::::::#
#:XXXXXXX#
#:X::::::#
#:X::::::#
#:XXXXXXX#
#:X::::::#
##########

#####S#
#::::X#
#XXXXX#
#:::::#
#######

######S#
#:X:::X#
#:XXXXX#
#:X::::#
#:X::::#
#:XXXXX#
#:X::::#
#:X::::#
#:XXXXX#
#:X::::#
#:X::::#
########

#S############
#XX::::::::::#
#:XXXXXXXXXXX#
#:X::::::::::#
#:X::::::::::#
#:XXXXXXXXXXX#
#:X::::::::::#
#:X::::::::::#
##############

####S#
#:X:X#
#:XXX#
#:X::#
#:X::#
#:XXX#
#:X::#
######

#S#######
#XX:::::#
#:XXXXXX#
#:X:::::#
#:X:::::#
#:XXXXXX#
#:X:::::#
#:X:::::#
#:XXXXXX#
#:X:::::#
#:X:::::#
#:XXXXXX#
#:X:::::#
#########

#######S#####
#::::::X::::#
#XXXXXXXXXXX#
#:::::::::::#
#############

#######S##
#:X::::X:#
#:XXXXXXX#
#:X::::::#
#:X::::::#
#:XXXXXXX#
#:X::::::#
#:X::::::#
#:XXXXXXX#
#:X::::::#
#:X::::::#
#:XXXXXXX#
#:X::::::#
##########

####S###########
#:X:X::::::::::#
#:XXXXXXXXXXXXX#
#:X::::::::::::#
#:X::::::::::::#
#:XXXXXXXXXXXXX#
#:X::::::::::::#
################

######S#
#:::::X#
#XXXXXX#
#::::::#
########

##S#####
#:X::X:#
#:X::X:#
#:X::X:#
#:X::X:#
#:X::X:#
#:X::X:#
#:X::X:#
#:X::X:#
#:X::X:#
#:X::X:#
#XXXXXX#
#::::::#
########

#S###########
#XX:::::::::#
#:XXXXXXXXXX#
#:X:::::::::#
#:X:::::::::#
#:XXXXXXXXXX#
#:X:::::::::#
#:X:::::::::#
#:XXXXXXXXXX#
#:X:::::::::#
#:X:::::::::#
#:XXXXXXXXXX#
#:X:::::::::#
#############

#####S#########
#:X::X::::::::#
#:XXXXXXXXXXXX#
#:X:::::::::::#
#:X:::::::::::#
#:XXXXXXXXXXXX#
#:X:::::::::::#
###############

###S#
#:XX#
#:X:#
#:X:#
#:X:#
#:X:#
#:X:#
#:X:#
#####

######S#######
#:X::XX:X::X:#
#:X::X::X::X:#
#:X::X::X::X:#
#:X::X::X::X:#
#:X::X::X::X:#
#:X::X::X::X:#
#XXXXXXXXXXXX#
#::::::::::::#
##############

########S#####
#:X:::::X::::#
#:XXXXXXXXXXX#
#:X::::::::::#
#:X::::::::::#
##############

######S####
#:X:::X:::#
#:XXXXXXXX#
#:X:::::::#
#:X:::::::#
#:XXXXXXXX#
#:X:::::::#
###########

#####S########
#:X::X::X::X:#
#:X::X::X::X:#
#:X::X::X::X:#
#:X::X::X::X:#
#:X::X::X::X:#
#:X::X::X::X:#
#:X::X::X::X:#
#:X::X::X::X:#
#:X::X::X::X:#
#:X::X::X::X:#
#:X::X::X::X:#
#:X::X::X::X:#
#XXXXXXXXXXXX#
#::::::::::::#
##############

##S##
#:X:#
#:X:#
#:X:#
#:X:#
#:X:#
#:X:#
#:X:#
#####

#######S#
#:X::::X#
#:XXXXXX#
#:X:::::#
#:X:::::#
#:XXXXXX#
#:X:::::#
#########

